{
    "NovaSeq6000 data test": {
        "content": [
            "multiqc_citations.txt:md5,d35df50e9903a96a2b3bce3c1fbc8ad2",
            "multiqc_fastqc.txt:md5,da9f2ca03b3bfefe7899df7ece476545",
            "multiqc_general_stats.txt:md5,614af3f17d9b4379fd788dcddc64a8a5",
            "multiqc_software_versions.txt:md5,58ba4a50500001b1ba72556e1d797c89",
            "multiqc_citations.txt:md5,d35df50e9903a96a2b3bce3c1fbc8ad2",
            "multiqc_fastqc.txt:md5,b201101e7d53841a4d1ebbe09e032f50",
            "multiqc_general_stats.txt:md5,8c5f74b12d2f2a11bec5cabf6f218065",
            "multiqc_software_versions.txt:md5,58ba4a50500001b1ba72556e1d797c89",
            "multiqc_citations.txt:md5,d35df50e9903a96a2b3bce3c1fbc8ad2",
            "multiqc_fastqc.txt:md5,c80c0201e230e7444337a1ca0d2f921d",
            "multiqc_general_stats.txt:md5,b316ebc76dd9b0e0aeb18b242778a7ab",
            "multiqc_software_versions.txt:md5,58ba4a50500001b1ba72556e1d797c89",
            "multiqc_citations.txt:md5,d35df50e9903a96a2b3bce3c1fbc8ad2",
            "multiqc_fastqc.txt:md5,df7c2ec650c485da546711be8c864138",
            "multiqc_general_stats.txt:md5,173f3cdd74e3f9a9329325da294380e3",
            "multiqc_software_versions.txt:md5,58ba4a50500001b1ba72556e1d797c89",
            "multiqc_citations.txt:md5,d35df50e9903a96a2b3bce3c1fbc8ad2",
            "multiqc_fastqc.txt:md5,c1adafa923c33f0620d2fae630a40afc",
            "multiqc_general_stats.txt:md5,bdf69c5a4da6b55a05e94568f6780e61",
            "multiqc_software_versions.txt:md5,58ba4a50500001b1ba72556e1d797c89",
            "multiqc_citations.txt:md5,d35df50e9903a96a2b3bce3c1fbc8ad2",
            "multiqc_fastqc.txt:md5,da9f2ca03b3bfefe7899df7ece476545",
            "multiqc_general_stats.txt:md5,614af3f17d9b4379fd788dcddc64a8a5",
            "multiqc_software_versions.txt:md5,58ba4a50500001b1ba72556e1d797c89"
        ],
        "meta": {
            "nf-test": "0.8.4",
            "nextflow": "24.04.2"
        },
        "timestamp": "2024-06-27T15:16:03.100096"
    }
}