{
    "PromethION data test": {
        "content": [
            "multiqc_citations.txt:md5,d35df50e9903a96a2b3bce3c1fbc8ad2",
            "multiqc_fastqc.txt:md5,eeaa0ebb7b414dd0ad04590f49797873",
            "multiqc_general_stats.txt:md5,c33f99b28bec396faa5317ea7cf6ba44",
            "multiqc_software_versions.txt:md5,58ba4a50500001b1ba72556e1d797c89",
            "multiqc_citations.txt:md5,d35df50e9903a96a2b3bce3c1fbc8ad2",
            "multiqc_fastqc.txt:md5,eeaa0ebb7b414dd0ad04590f49797873",
            "multiqc_general_stats.txt:md5,c33f99b28bec396faa5317ea7cf6ba44",
            "multiqc_software_versions.txt:md5,58ba4a50500001b1ba72556e1d797c89"
        ],
        "meta": {
            "nf-test": "0.8.4",
            "nextflow": "24.04.2"
        },
        "timestamp": "2024-06-27T15:15:10.678991"
    }
}